Renesas Optimizing Linker (W3.06.00 )             01-Apr-2024 14:49:28

*** Options ***

-MAKEUD=DefaultBuild\RL78_F13_I2C_DA7280_custom_motor.lk.ud
-subcommand=DefaultBuild\RL78_F13_I2C_DA7280_custom_motor.clnk
-Input=DefaultBuild\cstart.obj
-Input=DefaultBuild\stkinit.obj
-Input=DefaultBuild\r_main.obj
-Input=DefaultBuild\r_systeminit.obj
-Input=DefaultBuild\r_cg_cgc.obj
-Input=DefaultBuild\r_cg_cgc_user.obj
-Input=DefaultBuild\r_cg_port.obj
-Input=DefaultBuild\r_cg_port_user.obj
-Input=DefaultBuild\r_cg_intc.obj
-Input=DefaultBuild\r_cg_intc_user.obj
-Input=DefaultBuild\r_cg_serial.obj
-Input=DefaultBuild\r_cg_serial_user.obj
-Input=DefaultBuild\r_cg_timer.obj
-Input=DefaultBuild\r_cg_timer_user.obj
-Input=DefaultBuild\custom_func.obj
-Input=DefaultBuild\misc_config.obj
-Input=DefaultBuild\simple_DA7280_driver.obj
-Input=DefaultBuild\simple_i2c_drive.obj
-SECURITY_ID=00000000000000000000
-DEVICE=C:\Program Files (x86)\Renesas Electronics\CS+\CC\Device\RL78\Devicefile\DR5F10BMG.DVF
-DEBug
-NOCOmpress
-NOOPtimize
-OUtput=DefaultBuild\RL78_F13_I2C_DA7280_custom_motor.abs
-OCDBG=84
-DEBUG_MONITOR=1FE00-1FFFF
-USER_OPT_BYTE=E9FFF8
-OCDTR
-LISt=DefaultBuild\RL78_F13_I2C_DA7280_custom_motor.map
-AUTO_SECTION_LAYOUT
-ROm=.data=.dataR
-ROm=.sdata=.sdataR
-NOMessage
-MEMory=High
-Total_size
-NOLOgo
-LIBrary=DefaultBuild\RL78_F13_I2C_DA7280_custom_motor.lib
-end

*** Error information ***

*** Mapping List ***

SECTION                            START      END         SIZE   ALIGN
.vect
                                  00000000  0000007f        80   0
.constf
                                  00000080  00000093        14   2
.init_array
                                  00000094  00000094         0   2
.sdata
                                  00000080  00000080         0   2
.data
                                  00000094  0000009d         a   2
.option_byte
                                  000000c0  000000c3         4   1
.security_id
                                  000000c4  000000cd         a   1
.RLIB
                                  000000c4  000000c4         0   1
.monitor1
                                  000000ce  000000d7         a   1
.text
                                  000000d8  0000027e       1a7   1
.const
                                  00002000  000035ae      15af   2
.textf
                                  000035af  00005f12      2964   1
.SLIB
                                  00005f13  000094ac      359a   1
.monitor2
                                  0001fe00  0001ffff       200   1
.bss
                                  000fe500  000fe5a3        a4   2
.dataR
                                  000fe5a4  000fe5ad         a   2
.sbss
                                  000ffe20  000ffe20         0   2
.sdataR
                                  000ffe20  000ffe20         0   2
