Renesas Optimizing Linker (W3.06.00 )             25-Mar-2024 10:29:30

*** Options ***

-MAKEUD=DefaultBuild\RL78_F13_EVB.lk.ud
-subcommand=DefaultBuild\RL78_F13_EVB.clnk
-Input=DefaultBuild\cstart.obj
-Input=DefaultBuild\stkinit.obj
-Input=DefaultBuild\r_main.obj
-Input=DefaultBuild\r_systeminit.obj
-Input=DefaultBuild\r_cg_cgc.obj
-Input=DefaultBuild\r_cg_cgc_user.obj
-Input=DefaultBuild\r_cg_port.obj
-Input=DefaultBuild\r_cg_port_user.obj
-Input=DefaultBuild\r_cg_intc.obj
-Input=DefaultBuild\r_cg_intc_user.obj
-Input=DefaultBuild\r_cg_serial.obj
-Input=DefaultBuild\r_cg_serial_user.obj
-Input=DefaultBuild\r_cg_timer.obj
-Input=DefaultBuild\r_cg_timer_user.obj
-Input=DefaultBuild\r_cg_wdt.obj
-Input=DefaultBuild\r_cg_wdt_user.obj
-SECURITY_ID=00000000000000000000
-DEVICE=C:\Program Files (x86)\Renesas Electronics\CS+\CC\Device\RL78\Devicefile\DR5F10BMG.DVF
-DEBug
-NOCOmpress
-NOOPtimize
-OUtput=DefaultBuild\RL78_F13_EVB.abs
-OCDBG=84
-DEBUG_MONITOR=1FE00-1FFFF
-USER_OPT_BYTE=FFFFF8
-OCDTR
-LISt=DefaultBuild\RL78_F13_EVB.map
-AUTO_SECTION_LAYOUT
-ROm=.data=.dataR
-ROm=.sdata=.sdataR
-NOMessage
-MEMory=High
-NOLOgo
-LIBrary=DefaultBuild\RL78_F13_EVB.lib
-end

*** Error information ***

*** Mapping List ***

SECTION                            START      END         SIZE   ALIGN
.vect
                                  00000000  0000007f        80   0
.constf
                                  00000080  00000080         0   2
.init_array
                                  00000080  00000080         0   2
.data
                                  00000080  00000080         0   2
.sdata
                                  00000080  00000080         0   2
.option_byte
                                  000000c0  000000c3         4   1
.security_id
                                  000000c4  000000cd         a   1
.RLIB
                                  000000c4  000000c4         0   1
.SLIB
                                  000000c4  000000c4         0   1
.monitor1
                                  000000ce  000000d7         a   1
.text
                                  000000d8  00000238       161   1
.textf
                                  00000239  000007cf       597   1
.const
                                  00002000  00002000         0   2
.monitor2
                                  0001fe00  0001ffff       200   1
.dataR
                                  000fdf00  000fdf00         0   2
.bss
                                  000fe500  000fe515        16   2
.sbss
                                  000ffe20  000ffe20         0   2
.sdataR
                                  000ffe20  000ffe20         0   2
