Renesas Optimizing Linker (W3.06.00 )             25-Mar-2024 14:42:21

*** Options ***

-MAKEUD=DefaultBuild\RL78_F13_SelfTest.lk.ud
-subcommand=DefaultBuild\RL78_F13_SelfTest.clnk
-Input=DefaultBuild\cstart.obj
-Input=DefaultBuild\stkinit.obj
-Input=DefaultBuild\r_main.obj
-Input=DefaultBuild\r_systeminit.obj
-Input=DefaultBuild\r_cg_cgc.obj
-Input=DefaultBuild\r_cg_cgc_user.obj
-Input=DefaultBuild\r_cg_port.obj
-Input=DefaultBuild\r_cg_port_user.obj
-Input=DefaultBuild\r_cg_intc.obj
-Input=DefaultBuild\r_cg_intc_user.obj
-Input=DefaultBuild\r_cg_serial.obj
-Input=DefaultBuild\r_cg_serial_user.obj
-Input=DefaultBuild\r_cg_timer.obj
-Input=DefaultBuild\r_cg_timer_user.obj
-Input=DefaultBuild\custom_func.obj
-Input=DefaultBuild\misc_config.obj
-SECURITY_ID=00000000000000000000
-DEVICE=C:\Program Files (x86)\Renesas Electronics\CS+\CC\Device\RL78\Devicefile\DR5F10BMG.DVF
-DEBug
-NOCOmpress
-NOOPtimize
-OUtput=DefaultBuild\RL78_F13_SelfTest.abs
-OCDBG=84
-DEBUG_MONITOR=1FE00-1FFFF
-USER_OPT_BYTE=E9FFF8
-OCDTR
-LISt=DefaultBuild\RL78_F13_SelfTest.map
-AUTO_SECTION_LAYOUT
-ROm=.data=.dataR
-ROm=.sdata=.sdataR
-NOMessage
-MEMory=High
-NOLOgo
-LIBrary=DefaultBuild\RL78_F13_SelfTest.lib
-end

*** Error information ***

*** Mapping List ***

SECTION                            START      END         SIZE   ALIGN
.vect
                                  00000000  0000007f        80   0
.constf
                                  00000080  00000093        14   2
.init_array
                                  00000094  00000094         0   2
.sdata
                                  00000080  00000080         0   2
.data
                                  00000094  00000097         4   2
.option_byte
                                  000000c0  000000c3         4   1
.security_id
                                  000000c4  000000cd         a   1
.RLIB
                                  000000c4  000000c4         0   1
.monitor1
                                  000000ce  000000d7         a   1
.text
                                  000000d8  00000266       18f   1
.textf
                                  00000267  00000c72       a0c   1
.const
                                  00002000  000020f1        f2   2
.SLIB
                                  000020f2  00004956      2865   1
.monitor2
                                  0001fe00  0001ffff       200   1
.bss
                                  000fe500  000fe59b        9c   2
.dataR
                                  000fe59c  000fe59f         4   2
.sbss
                                  000ffe20  000ffe20         0   2
.sdataR
                                  000ffe20  000ffe20         0   2
